eeschema (2012-oct-18)-testing  >> Creation date: ven. 16 nov. 2012 14:35:48 CET

#Cmp ( ordre = Référence )
| C1         100n        
| C2         10 000 µ   
| C3         1µ         
| C4         120µ       
| C5         22p         
| C6         22p         
| C7         100n        
| C8         100n        
| C9         100n        
| C10        100n        
| C11        100n        
| C12        68n         
| C13        100µ       
| D1         1N4007      
| D2         1N4007      
| D3         1N4007      
| D4         1N4007      
| D5         1N4007      
| D6         1N4004      
| D7         1N4004      
| D8         1N4004      
| D9         1N4004      
| D10        1N4007      
| D11        1N4007      
| F1         5A          
| F2         7,5A        
| F3         20A         
| F4         10A         
| F5         10A         
| P1         Pwr         
| P2         ext         
| P3         +           
| P4         -           
| P5         Chg         
| P6         Sorties     
| P7         LEDs        
| P8         reset       
| P9         sTTL        
| P10        220V        
| Q1         IRF740      
| Q2         IRF740      
| Q3         IRF740      
| Q4         IRF740      
| Q5         IRF740      
| Q6         2N2222      
| Q7         2N2222      
| Q8         2N2222      
| R1         1k          
| R2         8.2k        
| R3         1k          
| R4         22k         
| R5         1k          
| R6         22k         
| R7         1k          
| R8         22k         
| R9         1k          
| R10        22k         
| R11        220k        
| R12        10k         
| R13        10k         
| R14        10k         
| R15        1k          
| R16        1k          
| R17        22k         
| R18        8.2k        
| R19        8.2k        
| R20        1k          
| R21        8.2k        
| R22        1M          
| R23        100         
| R24        1k          
| R25        15k         
| R26        15k         
| R27        1k          
| R28        15k         
| R29        15k         
| R30        4.7k        
| R31        4.7k        
| R32        4.7k        
| R33        47M         
| R34        100         
| R35        300         
| RL1        EV          
| RL2        Demarreur   
| RL3        Prechauf    
| RL4        Decomp      
| RL5        95.15.2     
| SW1        RESET       
| U1         7805        
| U2         ATMEGA328-P 
| U3         KB817       
| X1         CRYSTAL     
#End Cmp

#Cmp ( ordre = Valeur )
| 22p          C5        
| 22p          C6        
| 68n          C12       
| 100n         C1        
| 100n         C7        
| 100n         C8        
| 100n         C9        
| 100n         C10       
| 100n         C11       
| 10 000 µ    C2        
| 1µ          C3        
| 120µ        C4        
| 100µ        C13       
| 1N4007       D1        
| 1N4007       D2        
| 1N4007       D3        
| 1N4007       D4        
| 1N4007       D5        
| 1N4004       D6        
| 1N4004       D7        
| 1N4004       D8        
| 1N4004       D9        
| 1N4007       D10       
| 1N4007       D11       
| 7,5A         F2        
| 5A           F1        
| 20A          F3        
| 10A          F4        
| 10A          F5        
| sTTL         P9        
| +            P3        
| -            P4        
| Chg          P5        
| ext          P2        
| reset        P8        
| 220V         P10       
| Pwr          P1        
| Sorties      P6        
| LEDs         P7        
| IRF740       Q1        
| IRF740       Q2        
| IRF740       Q3        
| IRF740       Q4        
| IRF740       Q5        
| 2N2222       Q6        
| 2N2222       Q7        
| 2N2222       Q8        
| 100          R23       
| 100          R34       
| 300          R35       
| 1k           R1        
| 1k           R3        
| 1k           R5        
| 1k           R7        
| 1k           R9        
| 1k           R15       
| 1k           R16       
| 1k           R20       
| 1k           R24       
| 1k           R27       
| 4.7k         R30       
| 4.7k         R31       
| 4.7k         R32       
| 8.2k         R2        
| 8.2k         R18       
| 8.2k         R19       
| 8.2k         R21       
| 10k          R12       
| 10k          R13       
| 10k          R14       
| 15k          R25       
| 15k          R26       
| 15k          R28       
| 15k          R29       
| 22k          R4        
| 22k          R6        
| 22k          R8        
| 22k          R10       
| 22k          R17       
| 220k         R11       
| 1M           R22       
| 47M          R33       
| 95.15.2      RL5       
| EV           RL1       
| Demarreur    RL2       
| Prechauf     RL3       
| Decomp       RL4       
| RESET        SW1       
| 7805         U1        
| ATMEGA328-P  U2        
| KB817        U3        
| CRYSTAL      X1        
#End Cmp

#End List
